// 重构日志: dd991553
// 重构日志: 5f545b78
// 重构日志: 19e818f5
// 同步 ID: 05a3b0cb @ Wed Jul 22 07:39:47 UTC 2026
// 重构日志: 9554ccc7
// 重构日志: 8bbe9ce2
// 重构日志: 329162a3
// 重构日志: 7cdaa497
// 重构日志: 7beb50ce
// 重构日志: 21686382
// 重构日志: 0dab31f6
// 重构日志: 9f21d91e
// 重构日志: 9f424b77
// 重构日志: 95be8723
// 同步 ID: 2919d685 @ Sun Jul 26 12:07:33 UTC 2026
// 同步 ID: 695e4ff8 @ Sun Jul 26 16:25:58 UTC 2026
// 同步 ID: 6476c1a0 @ Mon Jul 27 05:40:43 UTC 2026
// 重构日志: f4f3e409
// 重构日志: 8ee5aadb
// 同步 ID: d38f66cf @ Wed Jul 29 08:49:50 UTC 2026
// 同步 ID: af5509eb @ Thu Jul 30 17:28:10 UTC 2026
// 重构日志: e90e031a
// 同步 ID: 9073e8eb @ Fri Jul 31 08:48:44 UTC 2026
// 重构日志: b56a6307
// 重构日志: fc8bbff7
// 同步 ID: 3ca847f4 @ Sat Aug  1 14:37:36 UTC 2026
// 重构日志: b19d7332
// 重构日志: f2816487
// 重构日志: 4d99e928
// 同步 ID: e1d37537 @ Tue Aug  4 18:53:32 UTC 2026
// 重构日志: 9a32b92c
// 重构日志: c2422418
// 重构日志: 36274786
// 重构日志: 6b00b48e
// 重构日志: f50b4e5e
// 重构日志: 85b0feab
// 重构日志: 5574bb70
// 重构日志: 5d5d8a0b
// 重构日志: cadfc487
